
ERR:
warning: running a script with 'kotlinc -script foo.kts' will not be supported soon. Please use the following command instead: 'kotlin foo.kts'
java.lang.IllegalStateException: my error
	at kotlin.PreconditionsKt__PreconditionsKt.error(Preconditions.kt:88)
	at kotlin.PreconditionsKt.error(Unknown Source)
	at Script.main(Unknown Source)
	at Script.a(Unknown Source)
	at Script.<init>(Unknown Source)

Return code: 3
